<html>
<body>
<pre>
<h1>µVision Build Log</h1>
<h2>Tool Versions:</h2>
IDE-Version: ¦ÌVision V5.34.0.0
Copyright (C) 2021 ARM Ltd and ARM Germany GmbH. All rights reserved.
License Information: 11111 11111, 111, LIC=FYKYW-QSQ0W-UHU8H-WCZ5A-Y6SJ6-UJQQV
 
Tool Versions:
Toolchain:       MDK-ARM Plus  Version: 5.34.0.0
Toolchain Path:  D:\Program Files (x86)\Keil_v5\ARM\ARMCC\Bin
C Compiler:      Armcc.exe V5.06 update 7 (build 960)
Assembler:       Armasm.exe V5.06 update 7 (build 960)
Linker/Locator:  ArmLink.exe V5.06 update 7 (build 960)
Library Manager: ArmAr.exe V5.06 update 7 (build 960)
Hex Converter:   FromElf.exe V5.06 update 7 (build 960)
CPU DLL:         SARMCM3.DLL V5.34.0.0
Dialog DLL:      DCM.DLL V1.17.3.0
Target DLL:      CMSIS_AGDI.dll V1.32.13.0
Dialog DLL:      TCM.DLL V1.48.0.0
 
<h2>Project:</h2>
E:\001_LCWork\project_STM32\stm32_F103_peripheralDriver\F407_cameraOV7725\MDK-ARM\F407_cameraOV7725.uvprojx
Project File Date:  01/26/2026

<h2>Output:</h2>
*** Using Compiler 'V5.06 update 7 (build 960)', folder: 'D:\Program Files (x86)\Keil_v5\ARM\ARMCC\Bin'
Build target 'F407_cameraOV7725'
assembling startup_stm32f407xx.s...
compiling gpio.c...
compiling usbd_conf.c...
compiling usb_device.c...
compiling usbd_desc.c...
compiling stm32f4xx_hal_msp.c...
compiling stm32f4xx_hal_pcd.c...
compiling tim.c...
compiling stm32f4xx_hal_pcd_ex.c...
compiling usbd_cdc_if.c...
compiling usart.c...
compiling stm32f4xx_it.c...
compiling stm32f4xx_ll_usb.c...
compiling stm32f4xx_hal_rcc.c...
compiling stm32f4xx_hal_rcc_ex.c...
compiling stm32f4xx_hal_flash.c...
compiling stm32f4xx_hal_flash_ex.c...
compiling stm32f4xx_hal_pwr_ex.c...
compiling stm32f4xx_hal_cortex.c...
compiling stm32f4xx_hal_dma.c...
compiling stm32f4xx_hal_gpio.c...
compiling stm32f4xx_hal_pwr.c...
compiling stm32f4xx_hal_dma_ex.c...
compiling stm32f4xx_hal_flash_ramfunc.c...
compiling stm32f4xx_hal.c...
compiling stm32f4xx_hal_exti.c...
compiling stm32f4xx_hal_tim_ex.c...
compiling system_stm32f4xx.c...
compiling usbd_core.c...
compiling stm32f4xx_hal_tim.c...
compiling usbd_ctlreq.c...
compiling stm32f4xx_hal_uart.c...
compiling usbd_ioreq.c...
compiling usbd_cdc.c...
compiling log.c...
compiling hal_iic.c...
compiling ov7725.c...
compiling display_app.c...
linking...
Program Size: Code=25944 RO-data=896 RW-data=448 ZI-data=15248  
FromELF: creating hex file...
"F407_cameraOV7725\F407_cameraOV7725.axf" - 0 Error(s), 0 Warning(s).

<h2>Software Packages used:</h2>

Package Vendor: ARM
                http://www.keil.com/pack/ARM.CMSIS.5.7.0.pack
                ARM.CMSIS.5.7.0
                CMSIS (Cortex Microcontroller Software Interface Standard)
   * Component: CORE Version: 5.4.0

Package Vendor: Keil
                http://www.keil.com/pack/Keil.STM32F4xx_DFP.2.15.0.pack
                Keil.STM32F4xx_DFP.2.15.0
                STMicroelectronics STM32F4 Series Device Support, Drivers and Examples

<h2>Collection of Component include folders:</h2>
  .\RTE\_F407_cameraOV7725
  D:\Program Files (x86)\Keil_v5\Pack\ARM\CMSIS\5.7.0\CMSIS\Core\Include
  D:\Program Files (x86)\Keil_v5\Pack\Keil\STM32F4xx_DFP\2.15.0\Drivers\CMSIS\Device\ST\STM32F4xx\Include

<h2>Collection of Component Files used:</h2>

   * Component: ARM::CMSIS:CORE:5.4.0
      Include file:  CMSIS\Core\Include\tz_context.h
Build Time Elapsed:  00:00:06
</pre>
</body>
</html>
